ALTOPASCIO:LUCCA:15.5
ALTOPASCIO:PONTEDERA:20.8
ALTOPASCIO:PISTOIA:27.9
AREZZO:FIRENZE:77.9
AREZZO:SIENA:87.3
BARBERINO DI MUGELLO:FIRENZE:52.6
CARRARA:MASSA:7.8
CECINA:VOLTERRA:41.5
CECINA:VENTURINA:41.5
CECINA:LIVORNO:43.1
EMPOLI:FIRENZE:46.0
EMPOLI:SAN MINIATO:12.1
FIRENZE:BARBERINO DI MUGELLO:52.6
FIRENZE:EMPOLI:46.0
FIRENZE:PRATO:24.9
FIRENZE:AREZZO:77.9
FIRENZE:POGGIBONSI:47.3
GROSSETO:ORBETELLO:41.9
GROSSETO:SIENA:90.6
GROSSETO:VENTURINA:70.2
LIVORNO:PONTEDERA:37.9
LIVORNO:CECINA:43.1
LIVORNO:PISA:22.3
LUCCA:PONTEDERA:27.7
LUCCA:ALTOPASCIO:15.5
LUCCA:VIAREGGIO:30.6
LUCCA:PISA:24.8
MASSA:CARRARA:7.8
MASSA:VIAREGGIO:30.0
ORBETELLO:GROSSETO:41.9
PIOMBINO:VENTURINA:8.3
PISA:PONTEDERA:31.5
PISA:VIAREGGIO:23.3
PISA:LIVORNO:22.3
PISA:LUCCA:24.8
PISTOIA:ALTOPASCIO:27.9
PISTOIA:PRATO:18.2
POGGIBONSI:SAN MINIATO:38.9
POGGIBONSI:FIRENZE:47.3
POGGIBONSI:SIENA:29.6
PONTEDERA:LUCCA:27.7
PONTEDERA:LIVORNO:37.9
PONTEDERA:SAN MINIATO:23.4
PONTEDERA:PISA:31.5
PONTEDERA:ALTOPASCIO:20.8
PRATO:PISTOIA:18.2
PRATO:FIRENZE:24.9
SAN MINIATO:EMPOLI:12.1
SAN MINIATO:POGGIBONSI:38.9
SAN MINIATO:PONTEDERA:23.4
SIENA:POGGIBONSI:29.6
SIENA:AREZZO:87.3
SIENA:VOLTERRA:52.7
SIENA:GROSSETO:90.6
VENTURINA:GROSSETO:70.2
VENTURINA:PIOMBINO:8.3
VENTURINA:CECINA:41.5
VIAREGGIO:LUCCA:30.6
VIAREGGIO:MASSA:30.0
VIAREGGIO:PISA:23.3
VOLTERRA:SIENA:52.7
VOLTERRA:CECINA:41.5
