PISA:LUCCA:24.8
LUCCA:PISA:24.8
PISA:LIVORNO:22.3
LIVORNO:PISA:22.3
PISA:VIAREGGIO:23.3
VIAREGGIO:PISA:23.3
VIAREGGIO:MASSA:30.0
MASSA:VIAREGGIO:30.0
MASSA:CARRARA:7.8
CARRARA:MASSA:7.8
LIVORNO:CECINA:43.1
CECINA:LIVORNO:43.1
CECINA:VENTURINA:41.5
VENTURINA:CECINA:41.5
VENTURINA:PIOMBINO:8.3
PIOMBINO:VENTURINA:8.3
VENTURINA:GROSSETO:70.2
GROSSETO:VENTURINA:70.2
GROSSETO:SIENA:90.6
SIENA:GROSSETO:90.6
CECINA:VOLTERRA:41.5
VOLTERRA:CECINA:41.5
VOLTERRA:SIENA:52.7
SIENA:VOLTERRA:52.7
SIENA:AREZZO:87.3
AREZZO:SIENA:87.3
SIENA:POGGIBONSI:29.6
POGGIBONSI:SIENA:29.6
POGGIBONSI:FIRENZE:47.3
FIRENZE:POGGIBONSI:47.3
FIRENZE:AREZZO:77.9
AREZZO:FIRENZE:77.9
FIRENZE:PRATO:24.9
PRATO:FIRENZE:24.9
PRATO:PISTOIA:18.2
PISTOIA:PRATO:18.2
PISTOIA:ALTOPASCIO:27.9
ALTOPASCIO:PISTOIA:27.9
ALTOPASCIO:PONTEDERA:20.8
PONTEDERA:ALTOPASCIO:20.8
PONTEDERA:PISA:31.5
PISA:PONTEDERA:31.5
PONTEDERA:SAN MINIATO:23.4
SAN MINIATO:PONTEDERA:23.4
SAN MINIATO:POGGIBONSI:38.9
POGGIBONSI:SAN MINIATO:38.9
SAN MINIATO:EMPOLI:12.1
EMPOLI:SAN MINIATO:12.1
EMPOLI:FIRENZE:46.0
FIRENZE:EMPOLI:46.0
GROSSETO:ORBETELLO:41.9
ORBETELLO:GROSSETO:41.9
FIRENZE:BARBERINO DI MUGELLO:52.6
BARBERINO DI MUGELLO:FIRENZE:52.6
LIVORNO:PONTEDERA:37.9
PONTEDERA:LIVORNO:37.9
LUCCA:VIAREGGIO:30.6
VIAREGGIO:LUCCA:30.6
LUCCA:ALTOPASCIO:15.5
ALTOPASCIO:LUCCA:15.5
LUCCA:PONTEDERA:27.7
PONTEDERA:LUCCA:27.7
